// Vitest Snapshot v1, https://vitest.dev/guide/snapshot.html

exports[`attribute > can be created with minimal options 1`] = `
{
  "name": "label",
  "validate": [Function],
}
`;

exports[`attribute > can be created with minimal options 2`] = `"test"`;

exports[`attribute > can validate values 1`] = `"valid"`;

exports[`attribute > can validate values 2`] = `
"[
  {
    \\"code\\": \\"invalid_type\\",
    \\"expected\\": \\"string\\",
    \\"received\\": \\"number\\",
    \\"path\\": [],
    \\"message\\": \\"Expected string, received number\\"
  }
]"
`;
